
> react-typescript-starter@0.1.0 test
> react-scripts test --coverage

Browserslist: caniuse-lite is outdated. Please run:
  npx browserslist@latest --update-db
  Why you should do it regularly: https://github.com/browserslist/browserslist#browsers-data-updating
Browserslist: caniuse-lite is outdated. Please run:
  npx browserslist@latest --update-db
  Why you should do it regularly: https://github.com/browserslist/browserslist#browsers-data-updating
Browserslist: caniuse-lite is outdated. Please run:
  npx browserslist@latest --update-db
  Why you should do it regularly: https://github.com/browserslist/browserslist#browsers-data-updating
PASS src/objects.test.ts
PASS src/arrays.test.ts
PASS src/functions.test.ts
PASS src/nested.test.ts
  ● Console

    console.log
      This is target index: 0

      at duplicateQuestionInArray (src/nested.ts:375:13)

    console.log
      [
        {
          id: 1,
          name: 'Question 1',
          body: '',
          type: 'multiple_choice_question',
          options: [],
          expected: '',
          points: 1,
          published: false
        },
        {
          id: 27,
          name: 'Copy of Question 1',
          body: '',
          type: 'multiple_choice_question',
          options: [],
          expected: '',
          points: 1,
          published: false
        },
        {
          id: 47,
          name: 'My New Question',
          body: '',
          type: 'multiple_choice_question',
          options: [],
          expected: '',
          points: 1,
          published: false
        },
        {
          id: 2,
          name: 'Question 2',
          body: '',
          type: 'short_answer_question',
          options: [],
          expected: '',
          points: 1,
          published: false
        }
      ]

      at duplicateQuestionInArray (src/nested.ts:388:13)

    console.log
      This is target index: 1

      at duplicateQuestionInArray (src/nested.ts:375:13)

    console.log
      [
        {
          id: 1,
          name: 'Question 1',
          body: '',
          type: 'multiple_choice_question',
          options: [],
          expected: '',
          points: 1,
          published: false
        },
        {
          id: 47,
          name: 'My New Question',
          body: '',
          type: 'multiple_choice_question',
          options: [],
          expected: '',
          points: 1,
          published: false
        },
        {
          id: 19,
          name: 'Copy of My New Question',
          body: '',
          type: 'multiple_choice_question',
          options: [],
          expected: '',
          points: 1,
          published: false
        },
        {
          id: 2,
          name: 'Question 2',
          body: '',
          type: 'short_answer_question',
          options: [],
          expected: '',
          points: 1,
          published: false
        }
      ]

      at duplicateQuestionInArray (src/nested.ts:388:13)

    console.log
      This is target index: 2

      at duplicateQuestionInArray (src/nested.ts:375:13)

    console.log
      [
        {
          id: 1,
          name: 'Mascot',
          body: 'What is the name of the UD Mascot?',
          type: 'multiple_choice_question',
          options: [ 'Bluey', 'YoUDee', 'Charles the Wonder Dog' ],
          expected: 'YoUDee',
          points: 7,
          published: false
        },
        {
          id: 2,
          name: 'Motto',
          body: "What is the University of Delaware's motto?",
          type: 'multiple_choice_question',
          options: [
            'Knowledge is the light of the mind',
            'Just U Do it',
            "Nothing, what's the motto with you?"
          ],
          expected: 'Knowledge is the light of the mind',
          points: 3,
          published: false
        },
        {
          id: 3,
          name: 'Goats',
          body: 'How many goats are there usually on the Green?',
          type: 'multiple_choice_question',
          options: [ 'Zero, why would there be goats on the green?', '18420', 'Two' ],
          expected: 'Two',
          points: 10,
          published: false
        },
        {
          id: 111,
          name: 'Copy of Goats',
          body: 'How many goats are there usually on the Green?',
          type: 'multiple_choice_question',
          options: [ 'Zero, why would there be goats on the green?', '18420', 'Two' ],
          expected: 'Two',
          points: 10,
          published: false
        }
      ]

      at duplicateQuestionInArray (src/nested.ts:388:13)

PASS src/HtmlCss.test.tsx
PASS src/text.test.tsx
PASS src/App.test.tsx
----------------|---------|----------|---------|---------|-------------------
File            | % Stmts | % Branch | % Funcs | % Lines | Uncovered Line #s 
----------------|---------|----------|---------|---------|-------------------
All files       |   98.67 |      100 |     100 |   98.66 |                   
 src            |   98.67 |      100 |     100 |   98.66 |                   
  App.tsx       |     100 |      100 |     100 |     100 |                   
  arrays.ts     |   98.68 |      100 |     100 |   98.63 | 24                
  functions.ts  |   95.23 |      100 |     100 |   95.23 | 68                
  nested.ts     |     100 |      100 |     100 |     100 |                   
  objects.ts    |   97.61 |      100 |     100 |   97.61 | 64                
 src/interfaces |       0 |        0 |       0 |       0 |                   
  answer.ts     |       0 |        0 |       0 |       0 |                   
  question.ts   |       0 |        0 |       0 |       0 |                   
----------------|---------|----------|---------|---------|-------------------

Test Suites: 7 passed, 7 total
Tests:       49 passed, 49 total
Snapshots:   0 total
Time:        4.04 s
Ran all test suites.
